IQ-TREE multicore version 2.3.6 for Linux x86 64-bit built Aug  1 2024
Developed by Bui Quang Minh, Nguyen Lam Tung, Olga Chernomor, Heiko Schmidt,
Dominik Schrempf, Michael Woodhams, Ly Trong Nhan, Thomas Wong

Host:    r2c03cn1.vaughan (AVX2, FMA3, 251 GB RAM)
Command: /XXX/XXX/XXX/XXX/Software/iqtree-2.3.6-Linux-intel/bin/iqtree2 -B 10000 -m MFP -seed 42 -s /XXX/XXX/XXX/XXX/LRV_Leish_CoDiv/1_GenData/3_LRV/3_IQtree-ML/1_Alignments/LRV_Pos_VG_Assembllies_REFS_CP.fa
Seed:    42 (Using SPRNG - Scalable Parallel Random Number Generator)
Time:    Fri Jan 10 15:31:59 2025
Kernel:  AVX+FMA - 1 threads (32 CPU cores detected)

HINT: Use -nt option to specify number of threads because your CPU has 32 cores!
HINT: -nt AUTO will automatically determine the best number of threads to use.

Reading alignment file /XXX/XXX/XXX/XXX/LRV_Leish_CoDiv/1_GenData/3_LRV/3_IQtree-ML/1_Alignments/LRV_Pos_VG_Assembllies_REFS_CP.fa ... Fasta format detected
Reading fasta file: done in 0.00473881 secs using 58.09% CPU
Alignment most likely contains DNA/RNA sequences
Alignment has 109 sequences with 2229 columns, 1055 distinct patterns
975 parsimony-informative, 62 singleton sites, 1192 constant sites
                   Gap/Ambiguity  Composition  p-value
Analyzing sequences: done in 0.000265295 secs using 99.89% CPU
   1  KX686068.1           0.00%    passed     91.52%
   2  IOCL3643-Lg-2014     0.00%    passed     93.76%
   3  KY750624.1           0.00%    passed     95.89%
   4  KY750615.1           0.00%    passed     96.74%
   5  KY750613.1           0.00%    passed     99.23%
   6  KY750617.1           0.00%    passed     93.33%
   7  KY750612.1           0.00%    passed     95.65%
   8  KY750629.1           0.00%    passed     94.32%
   9  IOCL3623-Lg-2016     0.00%    passed     95.34%
  10  KY750627.1           0.00%    passed     94.93%
  11  KY750625.1           0.00%    passed     92.15%
  12  KY750616.1           0.00%    passed     91.73%
  13  NC_003601.1          0.00%    passed     92.85%
  14  U01899.1             0.00%    passed     92.85%
  15  KX808487.1           0.00%    passed     77.24%
  16  IOCL3312-Lg-2010     0.00%    passed     89.89%
  17  KY750611.1           0.00%    passed     89.55%
  18  KY750620.1           0.00%    passed     94.37%
  19  KY750619.1           0.00%    passed     94.23%
  20  KY750614.1           0.00%    passed     53.65%
  21  KY750630.1           0.00%    passed     63.56%
  22  KY750622.1           0.00%    passed     65.37%
  23  KY750621.1           0.00%    passed     58.81%
  24  KY750628.1           0.00%    passed     56.95%
  25  KY750618.1           0.00%    passed     64.28%
  26  KY750626.1           0.00%    passed     72.50%
  27  KY750623.1           0.00%    passed     74.44%
  28  KY750609.1           0.00%    passed     95.04%
  29  IOCL1594-Lsh-1990    0.00%    passed     63.88%
  30  IOCL3539-Lg-2014     0.00%    passed     89.07%
  31  IOCL3486-Lg-2013     0.00%    passed     98.34%
  32  IOCL2391-Lg-1997     0.00%    passed     96.29%
  33  IOCL3357-Lg-2011     0.00%    passed     97.09%
  34  IOCL3656-Lg-2017     0.00%    passed     71.84%
  35  IOCL1398-Lg-1989    75.68%    passed     26.96%
  36  IOCL2371-Lg-1997     0.00%    passed     80.07%
  37  IOCL2957-Lg-2007     0.00%    passed     44.32%
  38  IOCL2057-Lg-1995     0.00%    passed     52.75%
  39  IOCL2407-Lg-1997     0.00%    passed     81.45%
  40  IOCL3503-Lg-2013     0.00%    passed     68.35%
  41  KU724434.1           0.00%    passed     60.79%
  42  IOCL2492-Lg-2002     0.00%    passed     66.72%
  43  KY750607.1           0.00%    passed     71.18%
  44  IOCL3574-Ln-2015     0.00%    passed     76.91%
  45  IOCL1793-Lg-1991     0.00%    passed     55.71%
  46  IOCL3466-Lg-2013     3.32%    passed     68.56%
  47  IOCL3461-Lg-2013     0.00%    passed     65.07%
  48  KU724433.1           0.00%    passed     74.95%
  49  IOCL2116-Lg-1996     0.00%    passed     76.92%
  50  IOCL3371-Lg-2011     0.00%    passed     43.75%
  51  IOCL3305-Lg-2011     0.00%    passed     27.10%
  52  IOCL2095-Lg-1995     0.00%    passed     57.92%
  53  IOCL2966-Lg-2007     0.00%    passed     81.41%
  54  NC_002063.1          0.13%    passed     95.77%
  55  M92355.1             0.13%    passed     95.77%
  56  KY750608.1           0.00%    passed     89.06%
  57  IOCL2499-Lb-2002    34.99%    passed      9.03%
  58  IOCL3637-Lb-2015     0.00%    passed     97.76%
  59  IOCL3639-Lb-2015     0.00%    passed     93.97%
  60  IOCL3621-Lb-2015     0.00%    passed     90.51%
  61  IOCL3548-Lb-2014     0.00%    passed     82.00%
  62  IOCL3545-Lb-2014     0.00%    passed     98.22%
  63  013-2023-Lb-2018    29.56%    passed     70.16%
  64  IOCL3622-Lb-2015     0.00%    passed     97.27%
  65  IOCl3569-Lb-2014     0.00%    passed     93.60%
  66  IOCL2494-Lb-2002     0.00%    passed     61.46%
  67  IOCL3473-Lb-2012     0.00%    passed     98.44%
  68  OQ673099.1           0.00%    passed     74.96%
  69  IOCL2495-Lb-2002     0.00%    passed     87.24%
  70  OQ673098.1           0.00%    passed     91.33%
  71  OQ673097.1           0.00%    passed     98.00%
  72  OQ673088.1           0.00%    passed     90.94%
  73  OQ673087.1           0.00%    passed     90.94%
  74  OQ673086.1           0.00%    passed     90.94%
  75  KX808486.1           0.00%    passed     96.32%
  76  OQ673090.1           0.00%    passed     81.61%
  77  OQ673096.1           0.00%    passed     65.85%
  78  OQ673095.1           0.00%    passed     82.79%
  79  KX808484.1           0.00%    passed     89.75%
  80  OQ673094.1           0.00%    passed     86.11%
  81  OQ673093.1           0.00%    passed     88.46%
  82  OQ673092.1           0.00%    passed     76.10%
  83  OQ673091.1           0.00%    passed     96.47%
  84  KX808483.1           0.00%    passed     98.88%
  85  OQ673085.1           0.00%    passed     94.95%
  86  OQ673084.1           0.00%    passed     77.72%
  87  OQ673083.1           0.00%    passed     67.30%
  88  OQ673082.1           0.00%    passed     64.99%
  89  OQ673081.1           0.00%    passed     61.09%
  90  OQ673080.1           0.00%    passed     38.49%
  91  OQ673079.1           0.00%    passed     69.87%
  92  OQ673078.1           0.00%    passed     58.25%
  93  OQ673077.1           0.00%    passed     58.09%
  94  OQ673076.1           0.00%    passed     69.77%
  95  OQ673075.1           0.00%    passed     69.77%
  96  OQ673074.1           0.00%    passed     81.62%
  97  OQ673073.1           0.00%    passed     75.71%
  98  KX808485.1           0.00%    passed     70.55%
  99  OQ673072.1           0.00%    passed     94.33%
 100  OQ673071.1           0.00%    passed     98.79%
 101  OQ673070.1           0.00%    passed     86.82%
 102  KY750610.1           0.00%    passed     80.62%
 103  OQ673100.1           0.00%    passed     60.79%
 104  IOCL3531-Ln-2013     0.00%    passed     34.48%
 105  IOCL3520-Ln-2013     0.00%    passed     34.48%
 106  IOCL3519-Ln-2013     0.00%    passed     34.48%
 107  IOCL3517-Ln-2013     0.00%    passed     34.48%
 108  IOCL3516-Ln-2013     0.00%    passed     34.48%
 109  IOCL0854_Ln-1985     0.00%    passed     52.54%
WARNING: 1 sequences contain more than 50% gaps/ambiguity
****  TOTAL                1.32%  0 sequences failed composition chi2 test (p-value<5%; df=3)
NOTE: U01899.1 is identical to NC_003601.1 but kept for subsequent analysis
NOTE: M92355.1 is identical to NC_002063.1 but kept for subsequent analysis
NOTE: OQ673087.1 is identical to OQ673088.1 but kept for subsequent analysis
NOTE: OQ673075.1 is identical to OQ673076.1 but kept for subsequent analysis
NOTE: IOCL3520-Ln-2013 is identical to IOCL3531-Ln-2013 but kept for subsequent analysis
NOTE: 4 identical sequences (see below) will be ignored for subsequent analysis
NOTE: OQ673086.1 (identical to OQ673088.1) is ignored but added at the end
NOTE: IOCL3519-Ln-2013 (identical to IOCL3531-Ln-2013) is ignored but added at the end
NOTE: IOCL3517-Ln-2013 (identical to IOCL3531-Ln-2013) is ignored but added at the end
NOTE: IOCL3516-Ln-2013 (identical to IOCL3531-Ln-2013) is ignored but added at the end
Alignment was printed to /XXX/XXX/XXX/XXX/LRV_Leish_CoDiv/1_GenData/3_LRV/3_IQtree-ML/1_Alignments/LRV_Pos_VG_Assembllies_REFS_CP.fa.uniqueseq.phy

For your convenience alignment with unique sequences printed to /XXX/XXX/XXX/XXX/LRV_Leish_CoDiv/1_GenData/3_LRV/3_IQtree-ML/1_Alignments/LRV_Pos_VG_Assembllies_REFS_CP.fa.uniqueseq.phy


Create initial parsimony tree by phylogenetic likelihood library (PLL)... 0.022 seconds
Perform fast likelihood tree search using GTR+I+G model...
Estimate model parameters (epsilon = 5.000)
Perform nearest neighbor interchange...
Estimate model parameters (epsilon = 1.000)
1. Initial log-likelihood: -42039.012
Optimal log-likelihood: -42038.782
Rate parameters:  A-C: 1.34781  A-G: 13.47659  A-T: 2.89828  C-G: 0.62688  C-T: 18.62657  G-T: 1.00000
Base frequencies:  A: 0.263  C: 0.229  G: 0.243  T: 0.264
Proportion of invariable sites: 0.518
Gamma shape alpha: 1.117
Parameters optimization took 1 rounds (0.117 sec)
Time for fast ML tree search: 2.693 seconds

NOTE: ModelFinder requires 76 MB RAM!
ModelFinder will test up to 484 DNA models (sample size: 2229 epsilon: 0.100) ...
 No. Model         -LnL         df  AIC          AICc         BIC
  1  GTR+F         49872.277    215 100174.555   100220.695   101402.056
  2  GTR+F+I       43411.172    216 87254.344    87300.936    88487.554
  3  GTR+F+G4      42355.392    216 85142.784    85189.376    86375.994
  4  GTR+F+I+G4    42038.819    217 84511.638    84558.685    85750.558
  5  GTR+F+R2      42570.406    217 85574.811    85621.858    86813.731
  6  GTR+F+R3      42094.361    219 84626.722    84674.687    85877.061
  7  GTR+F+R4      42001.307    221 84444.615    84493.505    85706.372
  8  GTR+F+R5      41991.836    223 84429.672    84479.499    85702.848
  9  GTR+F+R6      41991.624    225 84433.248    84484.022    85717.843
 14  GTR+F+I+R2    42205.223    218 84846.446    84893.951    86091.076
 15  GTR+F+I+R3    42022.254    220 84484.507    84532.934    85740.555
 16  GTR+F+I+R4    41993.256    222 84430.513    84479.871    85697.979
 17  GTR+F+I+R5    41992.735    224 84433.469    84483.769    85712.354
 29  SYM+R4        42062.182    218 84560.363    84607.868    85804.993
 30  SYM+R5        42053.528    220 84547.056    84595.482    85803.103
 38  SYM+I+R4      42055.676    219 84549.351    84597.315    85799.690
 51  TVM+F+R4      42028.441    220 84496.883    84545.309    85752.931
 52  TVM+F+R5      42019.750    222 84483.499    84532.857    85750.966
 60  TVM+F+I+R4    42023.841    221 84489.681    84538.572    85751.438
 73  TVMe+R4       42079.805    217 84593.610    84640.658    85832.530
 74  TVMe+R5       42071.902    219 84581.805    84629.769    85832.143
 82  TVMe+I+R4     42075.935    218 84587.870    84635.375    85832.499
 95  TIM3+F+R4     42103.212    219 84644.424    84692.388    85894.762
 96  TIM3+F+R5     42093.812    221 84629.624    84678.514    85891.381
104  TIM3+F+I+R4   42095.808    220 84631.615    84680.042    85887.663
117  TIM3e+R4      42184.238    216 84800.475    84847.068    86033.686
118  TIM3e+R5      42175.530    218 84787.060    84834.564    86031.689
126  TIM3e+I+R4    42178.021    217 84790.042    84837.089    86028.962
139  TIM2+F+R4     42046.742    219 84531.484    84579.448    85781.822
140  TIM2+F+R5     42036.637    221 84515.274    84564.165    85777.031
148  TIM2+F+I+R4   42038.553    220 84517.107    84565.533    85773.155
161  TIM2e+R4      42128.278    216 84688.556    84735.149    85921.767
162  TIM2e+R5      42118.920    218 84673.840    84721.344    85918.469
170  TIM2e+I+R4    42121.540    217 84677.081    84724.128    85916.001
183  TIM+F+R4      42123.252    219 84684.504    84732.468    85934.842
184  TIM+F+R5      42113.343    221 84668.687    84717.578    85930.444
192  TIM+F+I+R4    42115.532    220 84671.064    84719.490    85927.112
205  TIMe+R4       42219.313    216 84870.627    84917.219    86103.837
206  TIMe+R5       42210.257    218 84856.514    84904.018    86101.143
214  TIMe+I+R4     42212.977    217 84859.954    84907.001    86098.874
227  TPM3u+F+R4    42129.223    218 84694.446    84741.951    85939.076
228  TPM3u+F+R5    42120.639    220 84681.278    84729.704    85937.326
236  TPM3u+F+I+R4  42125.341    219 84688.681    84736.645    85939.020
249  TPM3+R4       42201.149    215 84832.299    84878.439    86059.800
250  TPM3+R5       42193.447    217 84820.894    84867.941    86059.814
258  TPM3+I+R4     42197.920    216 84827.840    84874.432    86061.051
271  TPM2u+F+R4    42076.065    218 84588.130    84635.635    85832.760
272  TPM2u+F+R5    42066.168    220 84572.336    84620.762    85828.384
280  TPM2u+F+I+R4  42070.795    219 84579.590    84627.554    85829.928
293  TPM2+R4       42147.404    215 84724.809    84770.949    85952.310
294  TPM2+R5       42138.335    217 84710.670    84757.717    85949.590
302  TPM2+I+R4     42143.000    216 84718.000    84764.592    85951.210
315  K3Pu+F+R4     42151.381    218 84738.762    84786.267    85983.391
316  K3Pu+F+R5     42141.921    220 84723.843    84772.269    85979.891
324  K3Pu+F+I+R4   42146.625    219 84731.250    84779.214    85981.588
337  K3P+R4        42237.612    215 84905.223    84951.364    86132.725
338  K3P+R5        42229.161    217 84892.321    84939.368    86131.241
346  K3P+I+R4      42233.805    216 84899.611    84946.203    86132.821
359  TN+F+R4       42145.899    218 84727.798    84775.303    85972.428
360  TN+F+R5       42135.661    220 84711.321    84759.748    85967.369
368  TN+F+I+R4     42138.181    219 84714.361    84762.325    85964.700
381  TNe+R4        42245.528    215 84921.055    84967.195    86148.556
382  TNe+R5        42236.138    217 84906.276    84953.324    86145.196
390  TNe+I+R4      42239.162    216 84910.325    84956.917    86143.535
403  HKY+F+R4      42174.521    217 84783.042    84830.089    86021.962
404  HKY+F+R5      42164.817    219 84767.634    84815.598    86017.973
412  HKY+F+I+R4    42169.714    218 84775.427    84822.932    86020.056
425  K2P+R4        42264.347    214 84956.695    85002.385    86178.487
426  K2P+R5        42255.694    216 84943.389    84989.981    86176.599
434  K2P+I+R4      42260.510    215 84951.020    84997.160    86178.521
447  F81+F+R4      46665.123    216 93762.246    93808.838    94995.456
448  F81+F+R5      46661.056    218 93758.111    93805.616    95002.740
456  F81+F+I+R4    46664.391    217 93762.782    93809.829    95001.701
469  JC+R4         46670.080    213 93766.159    93811.402    94982.242
470  JC+R5         46666.576    215 93763.152    93809.292    94990.653
478  JC+I+R4       46669.763    214 93767.525    93813.215    94989.317
Akaike Information Criterion:           GTR+F+R5
Corrected Akaike Information Criterion: GTR+F+R5
Bayesian Information Criterion:         GTR+F+I+R4
Best-fit model: GTR+F+I+R4 chosen according to BIC

All model information printed to /XXX/XXX/XXX/XXX/LRV_Leish_CoDiv/1_GenData/3_LRV/3_IQtree-ML/1_Alignments/LRV_Pos_VG_Assembllies_REFS_CP.fa.model.gz
CPU time for ModelFinder: 99.259 seconds (0h:1m:39s)
Wall-clock time for ModelFinder: 100.261 seconds (0h:1m:40s)
Generating 10000 samples for ultrafast bootstrap (seed: 42)...

NOTE: 54 MB RAM (0 GB) is required!
Estimate model parameters (epsilon = 0.100)
1. Initial log-likelihood: -46664.603
2. Current log-likelihood: -42072.245
3. Current log-likelihood: -41993.934
4. Current log-likelihood: -41991.861
5. Current log-likelihood: -41991.604
6. Current log-likelihood: -41991.410
Optimal log-likelihood: -41991.317
Rate parameters:  A-C: 1.37872  A-G: 13.71621  A-T: 2.93627  C-G: 0.65377  C-T: 18.30704  G-T: 1.00000
Base frequencies:  A: 0.263  C: 0.229  G: 0.243  T: 0.264
Proportion of invariable sites: 0.491
Site proportion and rates:  (0.123,0.162) (0.127,1.049) (0.177,2.510) (0.082,4.907)
Parameters optimization took 6 rounds (2.583 sec)
Wrote distance file to... 
Computing ML distances based on estimated model parameters...
Calculating distance matrix: done in 0.0598919 secs using 99.68% CPU
Computing ML distances took 0.062199 sec (of wall-clock time) 0.060181 sec (of CPU time)
Setting up auxiliary I and S matrices: done in 0.000530511 secs using 99.53% CPU
Computing RapidNJ tree took 0.002329 sec (of wall-clock time) 0.001471 sec (of CPU time)
Log-likelihood of RapidNJ tree: -42153.922
--------------------------------------------------------------------
|             INITIALIZING CANDIDATE TREE SET                      |
--------------------------------------------------------------------
Generating 98 parsimony trees... 2.251 second
Computing log-likelihood of 98 initial trees ... 2.702 seconds
Current best score: -41991.317

Do NNI search on 20 best initial trees
Estimate model parameters (epsilon = 0.100)
BETTER TREE FOUND at iteration 1: -41991.259
Estimate model parameters (epsilon = 0.100)
BETTER TREE FOUND at iteration 3: -41990.254
Estimate model parameters (epsilon = 0.100)
BETTER TREE FOUND at iteration 7: -41988.647
Iteration 10 / LogL: -41991.500 / Time: 0h:2m:4s
Iteration 20 / LogL: -41993.383 / Time: 0h:2m:19s
Finish initializing candidate tree set (10)
Current best tree score: -41988.647 / CPU time: 35.749
Number of iterations: 20
--------------------------------------------------------------------
|               OPTIMIZING CANDIDATE TREE SET                      |
--------------------------------------------------------------------
Iteration 30 / LogL: -41990.023 / Time: 0h:2m:27s (0h:2m:5s left)
Estimate model parameters (epsilon = 0.100)
BETTER TREE FOUND at iteration 35: -41987.393
Iteration 40 / LogL: -41989.902 / Time: 0h:2m:36s (0h:2m:17s left)
Iteration 50 / LogL: -41989.897 / Time: 0h:2m:45s (0h:1m:53s left)
Log-likelihood cutoff on original alignment: -42032.377
Iteration 60 / LogL: -41991.252 / Time: 0h:2m:57s (0h:1m:38s left)
Iteration 70 / LogL: -41989.890 / Time: 0h:3m:6s (0h:1m:20s left)
Iteration 80 / LogL: -42037.818 / Time: 0h:3m:14s (0h:1m:5s left)
Iteration 90 / LogL: -41987.728 / Time: 0h:3m:22s (0h:0m:51s left)
Iteration 100 / LogL: -41994.061 / Time: 0h:3m:31s (0h:0m:39s left)
Log-likelihood cutoff on original alignment: -42030.977
NOTE: Bootstrap correlation coefficient of split occurrence frequencies: 0.998
Iteration 110 / LogL: -41987.558 / Time: 0h:3m:42s (0h:1m:41s left)
UPDATE BEST LOG-LIKELIHOOD: -41987.387
Iteration 120 / LogL: -41993.505 / Time: 0h:3m:52s (0h:1m:28s left)
Iteration 130 / LogL: -41990.459 / Time: 0h:4m:1s (0h:1m:16s left)
TREE SEARCH COMPLETED AFTER 136 ITERATIONS / Time: 0h:4m:6s

--------------------------------------------------------------------
|                    FINALIZING TREE SEARCH                        |
--------------------------------------------------------------------
Performs final model parameters optimization
Estimate model parameters (epsilon = 0.010)
1. Initial log-likelihood: -41987.387
2. Current log-likelihood: -41987.374
Optimal log-likelihood: -41987.365
Rate parameters:  A-C: 1.37580  A-G: 13.71668  A-T: 2.92541  C-G: 0.64020  C-T: 18.30941  G-T: 1.00000
Base frequencies:  A: 0.263  C: 0.229  G: 0.243  T: 0.264
Proportion of invariable sites: 0.491
Site proportion and rates:  (0.124,0.162) (0.131,1.070) (0.179,2.578) (0.075,5.025)
Parameters optimization took 2 rounds (0.457 sec)
BEST SCORE FOUND : -41987.365
Creating bootstrap support values...
Split supports printed to NEXUS file /XXX/XXX/XXX/XXX/LRV_Leish_CoDiv/1_GenData/3_LRV/3_IQtree-ML/1_Alignments/LRV_Pos_VG_Assembllies_REFS_CP.fa.splits.nex
Total tree length: 6.633

Total number of iterations: 136
CPU time used for tree search: 140.401 sec (0h:2m:20s)
Wall-clock time used for tree search: 142.112 sec (0h:2m:22s)
Total CPU time used: 246.621 sec (0h:4m:6s)
Total wall-clock time used: 249.624 sec (0h:4m:9s)

Computing bootstrap consensus tree...
Reading input file /XXX/XXX/XXX/XXX/LRV_Leish_CoDiv/1_GenData/3_LRV/3_IQtree-ML/1_Alignments/LRV_Pos_VG_Assembllies_REFS_CP.fa.splits.nex...
105 taxa and 509 splits.
Consensus tree written to /XXX/XXX/XXX/XXX/LRV_Leish_CoDiv/1_GenData/3_LRV/3_IQtree-ML/1_Alignments/LRV_Pos_VG_Assembllies_REFS_CP.fa.contree
Reading input trees file /XXX/XXX/XXX/XXX/LRV_Leish_CoDiv/1_GenData/3_LRV/3_IQtree-ML/1_Alignments/LRV_Pos_VG_Assembllies_REFS_CP.fa.contree
Log-likelihood of consensus tree: -41987.412

Analysis results written to: 
  IQ-TREE report:                /XXX/XXX/XXX/XXX/LRV_Leish_CoDiv/1_GenData/3_LRV/3_IQtree-ML/1_Alignments/LRV_Pos_VG_Assembllies_REFS_CP.fa.iqtree
  Maximum-likelihood tree:       /XXX/XXX/XXX/XXX/LRV_Leish_CoDiv/1_GenData/3_LRV/3_IQtree-ML/1_Alignments/LRV_Pos_VG_Assembllies_REFS_CP.fa.treefile
  Likelihood distances:          /XXX/XXX/XXX/XXX/LRV_Leish_CoDiv/1_GenData/3_LRV/3_IQtree-ML/1_Alignments/LRV_Pos_VG_Assembllies_REFS_CP.fa.mldist

Ultrafast bootstrap approximation results written to:
  Split support values:          /XXX/XXX/XXX/XXX/LRV_Leish_CoDiv/1_GenData/3_LRV/3_IQtree-ML/1_Alignments/LRV_Pos_VG_Assembllies_REFS_CP.fa.splits.nex
  Consensus tree:                /XXX/XXX/XXX/XXX/LRV_Leish_CoDiv/1_GenData/3_LRV/3_IQtree-ML/1_Alignments/LRV_Pos_VG_Assembllies_REFS_CP.fa.contree
  Screen log file:               /XXX/XXX/XXX/XXX/LRV_Leish_CoDiv/1_GenData/3_LRV/3_IQtree-ML/1_Alignments/LRV_Pos_VG_Assembllies_REFS_CP.fa.log

Date and Time: Fri Jan 10 15:36:09 2025
